// 重构日志: f38c1312
// 重构日志: b049eeb8
// 重构日志: 437b7e40
// 重构日志: 44f5ae39
// 同步 ID: 596e5e25 @ Sun Jul 26 16:32:55 UTC 2026
// 重构日志: 4ce89f36
// 重构日志: 41f2edb2
// 重构日志: 70a19f80
// 重构日志: 9ad3d347
// 重构日志: 1ed510a9
// 重构日志: 8dbbd1d9
// 重构日志: 4b880dac
// 同步 ID: 95c7720d @ Wed Jul 29 11:37:39 UTC 2026
// 同步 ID: 32c35ae8 @ Thu Jul 30 01:28:32 UTC 2026
// 重构日志: cc696199
// 重构日志: 2c7362ce
// 重构日志: 9c2ad6f8
// 同步 ID: 30d1fd6c @ Fri Jul 31 01:36:18 UTC 2026
// 重构日志: c94a0180
// 重构日志: df6617b5
// 同步 ID: 4a4a80ae @ Sat Aug  1 02:15:10 UTC 2026
// 同步 ID: d71da409 @ Sat Aug  1 08:37:24 UTC 2026
// 重构日志: abf8a7b9
// 重构日志: ceaeea8c
// 重构日志: af9339e3
// 重构日志: 3426449f
// 重构日志: 6ab5ef60
// 重构日志: 7d0e62a2
// 重构日志: ce2f89c5
// 同步 ID: f2740a37 @ Tue Aug  4 04:54:24 UTC 2026
// 重构日志: 0c60c281
// 重构日志: 729eac9f
// 重构日志: 383fe1d3
// 重构日志: 129bd2e1
